
> cerelianhomebrew@1.0.0 build
> npm run build:clean && npm run build:index


> cerelianhomebrew@1.0.0 build:clean
> npm run build:clean:base


> cerelianhomebrew@1.0.0 build:clean:base
> node _node/clean-and-test.js

[     CLEANER] Cleaning dir "background"...
[     CLEANER] 	- "background/Awarenet; Ruins of Symbaroum (Background).json"...
[     CLEANER] Cleaning dir "class"...
file:///home/hoba/Documents/GitHub/CerelianHomebrew/node_modules/5etools-utils/lib/BrewCleaner.js:75
				if (!data.length) throw new Error(`File "${k}" array is empty!`);
				                        ^

Error: File "subclassFeature" array is empty!
    at file:///home/hoba/Documents/GitHub/CerelianHomebrew/node_modules/5etools-utils/lib/BrewCleaner.js:75:29
    at Array.forEach (<anonymous>)
    at _BrewFileTester._testFile_sources (file:///home/hoba/Documents/GitHub/CerelianHomebrew/node_modules/5etools-utils/lib/BrewCleaner.js:70:5)
    at _BrewFileTester.testFile (file:///home/hoba/Documents/GitHub/CerelianHomebrew/node_modules/5etools-utils/lib/BrewCleaner.js:121:8)
    at BrewCleaner._cleanFolder (file:///home/hoba/Documents/GitHub/CerelianHomebrew/node_modules/5etools-utils/lib/BrewCleaner.js:152:20)
    at file:///home/hoba/Documents/GitHub/CerelianHomebrew/node_modules/5etools-utils/lib/BrewCleaner.js:177:23
    at file:///home/hoba/Documents/GitHub/CerelianHomebrew/node_modules/5etools-utils/lib/UtilFs.js:70:19
    at Array.forEach (<anonymous>)
    at Module.runOnDirs (file:///home/hoba/Documents/GitHub/CerelianHomebrew/node_modules/5etools-utils/lib/UtilFs.js:70:4)
    at BrewCleaner.run (file:///home/hoba/Documents/GitHub/CerelianHomebrew/node_modules/5etools-utils/lib/BrewCleaner.js:175:6)

Node.js v25.2.1
